<!DOCTYPE html><html lang="en"><head><meta charset="utf-8"><meta name="viewport" content="width=device-width, initial-scale=1.0"><meta name="generator" content="rustdoc"><meta name="description" content="API documentation for the Rust `Expected` type in crate `pear`."><title>Expected in pear::input - Rust</title><script>if(window.location.protocol!=="file:")document.head.insertAdjacentHTML("beforeend","SourceSerif4-Regular-6b053e98.ttf.woff2,FiraSans-Italic-81dc35de.woff2,FiraSans-Regular-0fe48ade.woff2,FiraSans-MediumItalic-ccf7e434.woff2,FiraSans-Medium-e1aa3f0a.woff2,SourceCodePro-Regular-8badfe75.ttf.woff2,SourceCodePro-Semibold-aa29a496.ttf.woff2".split(",").map(f=>`<link rel="preload" as="font" type="font/woff2" crossorigin href="../../static.files/${f}">`).join(""))</script><link rel="stylesheet" href="../../static.files/normalize-9960930a.css"><link rel="stylesheet" href="../../static.files/rustdoc-916cea96.css"><meta name="rustdoc-vars" data-root-path="../../" data-static-root-path="../../static.files/" data-current-crate="pear" data-themes="" data-resource-suffix="" data-rustdoc-version="1.87.0-nightly (b74da9613 2025-03-06)" data-channel="nightly" data-search-js="search-e7298875.js" data-settings-js="settings-d72f25bb.js" ><script src="../../static.files/storage-d8ac8691.js"></script><script defer src="sidebar-items.js"></script><script defer src="../../static.files/main-a7bf3405.js"></script><noscript><link rel="stylesheet" href="../../static.files/noscript-893ab5e7.css"></noscript><link rel="alternate icon" type="image/png" href="../../static.files/favicon-32x32-6580c154.png"><link rel="icon" type="image/svg+xml" href="../../static.files/favicon-044be391.svg"></head><body class="rustdoc type"><!--[if lte IE 11]><div class="warning">This old browser is unsupported and will most likely display funky things.</div><![endif]--><nav class="mobile-topbar"><button class="sidebar-menu-toggle" title="show sidebar"></button></nav><nav class="sidebar"><div class="sidebar-crate"><h2><a href="../../pear/index.html">pear</a><span class="version">0.2.9</span></h2></div><div class="sidebar-elems"><section id="rustdoc-toc"><h2 class="location"><a href="#">Expected</a></h2><h3><a href="#aliased-type">Aliased Type</a></h3><h3><a href="#variants">Variants</a></h3><ul class="block variant"><li><a href="#variant.Elided" title="Elided">Elided</a></li><li><a href="#variant.Eof" title="Eof">Eof</a></li><li><a href="#variant.Other" title="Other">Other</a></li><li><a href="#variant.Slice" title="Slice">Slice</a></li><li><a href="#variant.Token" title="Token">Token</a></li></ul></section><div id="rustdoc-modnav"><h2><a href="index.html">In pear::<wbr>input</a></h2></div></div></nav><div class="sidebar-resizer"></div><main><div class="width-limiter"><rustdoc-search></rustdoc-search><section id="main-content" class="content"><div class="main-heading"><div class="rustdoc-breadcrumbs"><a href="../index.html">pear</a>::<wbr><a href="index.html">input</a></div><h1>Type Alias <span class="type">Expected</span><button id="copy-path" title="Copy item path to clipboard">Copy item path</button></h1><rustdoc-toolbar></rustdoc-toolbar><span class="sub-heading"><a class="src" href="../../src/pear/input/mod.rs.html#19">Source</a> </span></div><pre class="rust item-decl"><code>pub type Expected&lt;I&gt; = <a class="enum" href="../error/enum.Expected.html" title="enum pear::error::Expected">Expected</a>&lt;&lt;I as <a class="trait" href="trait.Input.html" title="trait pear::input::Input">Input</a>&gt;::<a class="associatedtype" href="trait.Input.html#associatedtype.Token" title="type pear::input::Input::Token">Token</a>, &lt;I as <a class="trait" href="trait.Input.html" title="trait pear::input::Input">Input</a>&gt;::<a class="associatedtype" href="trait.Input.html#associatedtype.Slice" title="type pear::input::Input::Slice">Slice</a>&gt;;</code></pre><h2 id="aliased-type" class="section-header">Aliased Type<a href="#aliased-type" class="anchor">§</a></h2><pre class="rust item-decl"><code>enum Expected&lt;I&gt; {
    Token(<a class="enum" href="https://doc.rust-lang.org/nightly/core/option/enum.Option.html" title="enum core::option::Option">Option</a>&lt;<a class="enum" href="../../inlinable_string/enum.InlinableString.html" title="enum inlinable_string::InlinableString">InlinableString</a>&gt;, <a class="enum" href="https://doc.rust-lang.org/nightly/core/option/enum.Option.html" title="enum core::option::Option">Option</a>&lt;&lt;I as <a class="trait" href="trait.Input.html" title="trait pear::input::Input">Input</a>&gt;::<a class="associatedtype" href="trait.Input.html#associatedtype.Token" title="type pear::input::Input::Token">Token</a>&gt;),
    Slice(<a class="enum" href="https://doc.rust-lang.org/nightly/core/option/enum.Option.html" title="enum core::option::Option">Option</a>&lt;<a class="enum" href="../../inlinable_string/enum.InlinableString.html" title="enum inlinable_string::InlinableString">InlinableString</a>&gt;, <a class="enum" href="https://doc.rust-lang.org/nightly/core/option/enum.Option.html" title="enum core::option::Option">Option</a>&lt;&lt;I as <a class="trait" href="trait.Input.html" title="trait pear::input::Input">Input</a>&gt;::<a class="associatedtype" href="trait.Input.html#associatedtype.Slice" title="type pear::input::Input::Slice">Slice</a>&gt;),
    Eof(<a class="enum" href="https://doc.rust-lang.org/nightly/core/option/enum.Option.html" title="enum core::option::Option">Option</a>&lt;&lt;I as <a class="trait" href="trait.Input.html" title="trait pear::input::Input">Input</a>&gt;::<a class="associatedtype" href="trait.Input.html#associatedtype.Token" title="type pear::input::Input::Token">Token</a>&gt;),
    Other(CowInlineString),
    Elided,
}</code></pre><h2 id="variants" class="variants section-header">Variants<a href="#variants" class="anchor">§</a></h2><div class="variants"><section id="variant.Token" class="variant"><a href="#variant.Token" class="anchor">§</a><h3 class="code-header">Token(<a class="enum" href="https://doc.rust-lang.org/nightly/core/option/enum.Option.html" title="enum core::option::Option">Option</a>&lt;<a class="enum" href="../../inlinable_string/enum.InlinableString.html" title="enum inlinable_string::InlinableString">InlinableString</a>&gt;, <a class="enum" href="https://doc.rust-lang.org/nightly/core/option/enum.Option.html" title="enum core::option::Option">Option</a>&lt;&lt;I as <a class="trait" href="trait.Input.html" title="trait pear::input::Input">Input</a>&gt;::<a class="associatedtype" href="trait.Input.html#associatedtype.Token" title="type pear::input::Input::Token">Token</a>&gt;)</h3></section><section id="variant.Slice" class="variant"><a href="#variant.Slice" class="anchor">§</a><h3 class="code-header">Slice(<a class="enum" href="https://doc.rust-lang.org/nightly/core/option/enum.Option.html" title="enum core::option::Option">Option</a>&lt;<a class="enum" href="../../inlinable_string/enum.InlinableString.html" title="enum inlinable_string::InlinableString">InlinableString</a>&gt;, <a class="enum" href="https://doc.rust-lang.org/nightly/core/option/enum.Option.html" title="enum core::option::Option">Option</a>&lt;&lt;I as <a class="trait" href="trait.Input.html" title="trait pear::input::Input">Input</a>&gt;::<a class="associatedtype" href="trait.Input.html#associatedtype.Slice" title="type pear::input::Input::Slice">Slice</a>&gt;)</h3></section><section id="variant.Eof" class="variant"><a href="#variant.Eof" class="anchor">§</a><h3 class="code-header">Eof(<a class="enum" href="https://doc.rust-lang.org/nightly/core/option/enum.Option.html" title="enum core::option::Option">Option</a>&lt;&lt;I as <a class="trait" href="trait.Input.html" title="trait pear::input::Input">Input</a>&gt;::<a class="associatedtype" href="trait.Input.html#associatedtype.Token" title="type pear::input::Input::Token">Token</a>&gt;)</h3></section><section id="variant.Other" class="variant"><a href="#variant.Other" class="anchor">§</a><h3 class="code-header">Other(CowInlineString)</h3></section><section id="variant.Elided" class="variant"><a href="#variant.Elided" class="anchor">§</a><h3 class="code-header">Elided</h3></section></div><script src="../../type.impl/pear/error/enum.Expected.js" data-self-path="pear::input::Expected" async></script></section></div></main></body></html>